Component: ARM Compiler 6.12 Tool: armlink [5d624300]

==============================================================================

Section Cross References

    rk_priseenmain_moteurs.o(.text) refers (Special) to rk_config_moteur.o(.text) for MOTEUR_DROIT_INVERSE
    startup_armcm3.o(RESET) refers to startup_armcm3.o(STACK) for __initial_sp
    startup_armcm3.o(RESET) refers to startup_armcm3.o(.text) for Reset_Handler
    startup_armcm3.o(.text) refers to system_armcm3.o(.text.SystemInit) for SystemInit
    startup_armcm3.o(.text) refers to rk_priseenmain_moteurs.o(.text) for __main
    system_armcm3.o(.text.SystemCoreClockUpdate) refers to system_armcm3.o(.data.SystemCoreClock) for SystemCoreClock
    system_armcm3.o(.ARM.exidx.text.SystemCoreClockUpdate) refers to system_armcm3.o(.text.SystemCoreClockUpdate) for [Anonymous Symbol]
    system_armcm3.o(.text.SystemInit) refers to startup_armcm3.o(RESET) for __Vectors
    system_armcm3.o(.text.SystemInit) refers to system_armcm3.o(.data.SystemCoreClock) for SystemCoreClock
    system_armcm3.o(.ARM.exidx.text.SystemInit) refers to system_armcm3.o(.text.SystemInit) for [Anonymous Symbol]


==============================================================================

Removing Unused input sections from the image.

    Removing startup_armcm3.o(HEAP), (3072 bytes).
    Removing system_armcm3.o(.text), (0 bytes).
    Removing system_armcm3.o(.text.SystemCoreClockUpdate), (20 bytes).
    Removing system_armcm3.o(.ARM.exidx.text.SystemCoreClockUpdate), (8 bytes).
    Removing system_armcm3.o(.ARM.exidx.text.SystemInit), (8 bytes).

5 unused section(s) (total 3108 bytes) removed from the image.

==============================================================================

Image Symbol Table

    Local Symbols

    Symbol Name                              Value     Ov Type        Size  Object(Section)

    RK_Config_Moteur.s                       0x00000000   Number         0  rk_config_moteur.o ABSOLUTE
    RK_PriseEnMain_Moteurs.s                 0x00000000   Number         0  rk_priseenmain_moteurs.o ABSOLUTE
    RTE\Device\ARMCM3\startup_ARMCM3.s       0x00000000   Number         0  startup_armcm3.o ABSOLUTE
    ledcli.s                                 0x00000000   Number         0  ledcli.o ABSOLUTE
    system_ARMCM3.c                          0x00000000   Number         0  system_armcm3.o ABSOLUTE
    RESET                                    0x00000000   Section      960  startup_armcm3.o(RESET)
    .text                                    0x000003c0   Section      484  rk_config_moteur.o(.text)
    .text                                    0x000005a4   Section      300  rk_priseenmain_moteurs.o(.text)
    .text                                    0x000006d0   Section       56  startup_armcm3.o(.text)
    [Anonymous Symbol]                       0x00000708   Section        0  system_armcm3.o(.text.SystemInit)
    STACK                                    0x20000008   Section     1024  startup_armcm3.o(STACK)

    Global Symbols

    Symbol Name                              Value     Ov Type        Size  Object(Section)

    BuildAttributes$$THM_ISAv4$P$D$K$B$S$PE$A:L22UL41UL21$X:L11$S22US41US21$IEEE1$IW$~IW$USESV6$~STKCKD$USESV7$~SHL$OTIME$EBA8$MICROLIB$REQ8$EABIv2 0x00000000   Number         0  anon$$obj.o ABSOLUTE
    __Vectors                                0x00000000   Data           4  startup_armcm3.o(RESET)
    MOTEUR_INIT                              0x000003c1   Thumb Code     0  rk_config_moteur.o(.text)
    __Vectors_End                            0x000003c0   Data           0  startup_armcm3.o(RESET)
    __Vectors_Size                           0x000003c0   Number         0  startup_armcm3.o ABSOLUTE
    MOTEUR_DROIT_ON                          0x000004c5   Thumb Code     0  rk_config_moteur.o(.text)
    MOTEUR_DROIT_OFF                         0x000004d1   Thumb Code     0  rk_config_moteur.o(.text)
    MOTEUR_GAUCHE_ON                         0x000004dd   Thumb Code     0  rk_config_moteur.o(.text)
    MOTEUR_GAUCHE_OFF                        0x000004e9   Thumb Code     0  rk_config_moteur.o(.text)
    MOTEUR_DROIT_ARRIERE                     0x000004f5   Thumb Code     0  rk_config_moteur.o(.text)
    MOTEUR_DROIT_AVANT                       0x000004ff   Thumb Code     0  rk_config_moteur.o(.text)
    MOTEUR_GAUCHE_ARRIERE                    0x00000509   Thumb Code     0  rk_config_moteur.o(.text)
    MOTEUR_GAUCHE_AVANT                      0x00000513   Thumb Code     0  rk_config_moteur.o(.text)
    MOTEUR_DROIT_INVERSE                     0x0000051d   Thumb Code     0  rk_config_moteur.o(.text)
    MOTEUR_GAUCHE_INVERSE                    0x00000529   Thumb Code     0  rk_config_moteur.o(.text)
    __main                                   0x000005a5   Thumb Code     0  rk_priseenmain_moteurs.o(.text)
    Reset_Handler                            0x000006d1   Thumb Code     8  startup_armcm3.o(.text)
    HardFault_Handler                        0x000006d9   Thumb Code     2  startup_armcm3.o(.text)
    NMI_Handler                              0x000006db   Thumb Code     2  startup_armcm3.o(.text)
    MemManage_Handler                        0x000006dd   Thumb Code     2  startup_armcm3.o(.text)
    BusFault_Handler                         0x000006df   Thumb Code     2  startup_armcm3.o(.text)
    UsageFault_Handler                       0x000006e1   Thumb Code     2  startup_armcm3.o(.text)
    SVC_Handler                              0x000006e3   Thumb Code     2  startup_armcm3.o(.text)
    DebugMon_Handler                         0x000006e5   Thumb Code     2  startup_armcm3.o(.text)
    PendSV_Handler                           0x000006e7   Thumb Code     2  startup_armcm3.o(.text)
    SysTick_Handler                          0x000006e9   Thumb Code     2  startup_armcm3.o(.text)
    Interrupt0_Handler                       0x000006eb   Thumb Code     2  startup_armcm3.o(.text)
    Interrupt1_Handler                       0x000006ed   Thumb Code     2  startup_armcm3.o(.text)
    Interrupt2_Handler                       0x000006ef   Thumb Code     2  startup_armcm3.o(.text)
    Interrupt3_Handler                       0x000006f1   Thumb Code     2  startup_armcm3.o(.text)
    Interrupt4_Handler                       0x000006f3   Thumb Code     2  startup_armcm3.o(.text)
    Interrupt5_Handler                       0x000006f5   Thumb Code     2  startup_armcm3.o(.text)
    Interrupt6_Handler                       0x000006f7   Thumb Code     2  startup_armcm3.o(.text)
    Interrupt7_Handler                       0x000006f9   Thumb Code     2  startup_armcm3.o(.text)
    Interrupt8_Handler                       0x000006fb   Thumb Code     2  startup_armcm3.o(.text)
    Interrupt9_Handler                       0x000006fd   Thumb Code     2  startup_armcm3.o(.text)
    SystemInit                               0x00000709   Thumb Code    38  system_armcm3.o(.text.SystemInit)
    SystemCoreClock                          0x20000000   Data           4  system_armcm3.o(.data.SystemCoreClock)
    __stack_limit                            0x20000008   Data           0  startup_armcm3.o(STACK)
    __initial_sp                             0x20000408   Data           0  startup_armcm3.o(STACK)



==============================================================================

Memory Map of the image

  Image Entry point : 0x000006d1

  Load Region LR_1 (Base: 0x00000000, Size: 0x00000734, Max: 0xffffffff, ABSOLUTE)

    Execution Region ER_RO (Exec base: 0x00000000, Load base: 0x00000000, Size: 0x00000730, Max: 0xffffffff, ABSOLUTE)

    Exec Addr    Load Addr    Size         Type   Attr      Idx    E Section Name        Object

    0x00000000   0x00000000   0x000003c0   Data   RO           11    RESET               startup_armcm3.o
    0x000003c0   0x000003c0   0x000001e4   Code   RO            1  * .text               rk_config_moteur.o
    0x000005a4   0x000005a4   0x0000012c   Code   RO            6  * .text               rk_priseenmain_moteurs.o
    0x000006d0   0x000006d0   0x00000038   Code   RO           12  * .text               startup_armcm3.o
    0x00000708   0x00000708   0x00000026   Code   RO           19    .text.SystemInit    system_armcm3.o


    Execution Region ER_RW (Exec base: 0x20000000, Load base: 0x00000730, Size: 0x00000004, Max: 0xffffffff, ABSOLUTE)

    Exec Addr    Load Addr    Size         Type   Attr      Idx    E Section Name        Object

    0x20000000   0x00000730   0x00000004   Data   RW           21    .data.SystemCoreClock  system_armcm3.o


    Execution Region ER_ZI (Exec base: 0x20000008, Load base: 0x00000734, Size: 0x00000400, Max: 0xffffffff, ABSOLUTE)

    Exec Addr    Load Addr    Size         Type   Attr      Idx    E Section Name        Object

    0x20000008        -       0x00000400   Zero   RW            9    STACK               startup_armcm3.o


==============================================================================

Image component sizes


      Code (inc. data)   RO Data    RW Data    ZI Data      Debug   Object Name

       484        112          0          0          0        400   rk_config_moteur.o
       300         54          0          0          0        308   rk_priseenmain_moteurs.o
        56         10        960          0       1024       1156   startup_armcm3.o
        38          0          0          4          0       1381   system_armcm3.o

    ----------------------------------------------------------------------
       880        176        960          4       1024       3245   Object Totals
         0          0          0          0          0          0   (incl. Generated)
         2          0          0          0          0          0   (incl. Padding)

    ----------------------------------------------------------------------
         0          0          0          0          0          0   Library Totals
         0          0          0          0          0          0   (incl. Padding)

    ----------------------------------------------------------------------

==============================================================================


      Code (inc. data)   RO Data    RW Data    ZI Data      Debug   

       880        176        960          4       1024       3245   Grand Totals
       880        176        960          4       1024       3245   ELF Image Totals
       880        176        960          4          0          0   ROM Totals

==============================================================================

    Total RO  Size (Code + RO Data)                 1840 (   1.80kB)
    Total RW  Size (RW Data + ZI Data)              1028 (   1.00kB)
    Total ROM Size (Code + RO Data + RW Data)       1844 (   1.80kB)

==============================================================================

